// Jest Snapshot v1, https://goo.gl/fbAQLP

exports[`CompPhoto should match snapshot 1`] = `
<div
  className="comp-photo"
>
  <div
    className="info-row"
  >
    <div
      className="icon-row"
    >
      <img
        alt="property type"
        className="icon"
        src="undefined/images/listed.svg"
      />
      <span
        style={
          Object {
            "fontWeight": "bold",
          }
        }
      >
        #
        1
      </span>
      <span
        style={
          Object {
            "marginLeft": "10px",
          }
        }
      >
        view for $547,804
      </span>
    </div>
    <div
      className="icon-row"
    >
      <span>
        0.41
         miles
      </span>
      <Checkbox
        checked={false}
        label=""
        leftLabel={true}
        onChange={[Function]}
        small={true}
      />
    </div>
  </div>
  <div
    className="photo-container"
  >
    <div
      className="photo-wrapper"
    >
      <img
        alt="property"
        className="photo"
      />
    </div>
    <div
      className="info-row"
    >
      <span
        style={
          Object {
            "width": 70,
          }
        }
      >
        1
         of 
        0
      </span>
      <div
        className="info-row"
      >
        <img
          alt="left button"
          className="icon"
          onClick={[Function]}
          src="undefined/images/left.svg"
        />
        <img
          alt="play/pause"
          className="icon"
          onClick={[Function]}
          src="undefined/images/play.svg"
        />
        <img
          alt="right button"
          className="icon"
          onClick={[Function]}
          src="undefined/images/right.svg"
        />
      </div>
      <span
        className="icon-row"
        onClick={[Function]}
      >
        <img
          alt="external link"
          className="icon"
          src="undefined/images/external.svg"
        />
        <span>
          All Photos
        </span>
      </span>
    </div>
  </div>
  <div
    className="detail-container"
  >
    <div
      className="address"
    >
      62030 Mariam Parkways
    </div>
    <div
      className="label-row"
    >
      <div
        className="label"
      >
        Subdivision:
      </div>
      <span>
        Soft Table Village
      </span>
    </div>
    <div
      className="label-row"
    >
      <div
        className="label"
      >
        School District:
      </div>
      <span>
        Avon County Public Schools
      </span>
    </div>
    <div
      className="toggle-button-container"
    >
      <span
        className="spacer"
      />
      <div
        className="toggle-button"
      >
        <div
          className="toggle active"
          onClick={[Function]}
        >
          Details
        </div>
        <div
          className="toggle"
          onClick={[Function]}
        >
          Description
        </div>
      </div>
      <span
        className="spacer"
      />
    </div>
    <div
      className="column-container"
    >
      <div
        className="column"
      >
        <div
          className="label-row"
        >
          <div
            className="label"
          >
            Bed
          </div>
          <span>
            5
          </span>
        </div>
        <div
          className="label-row"
        >
          <div
            className="label"
          >
            Bath
          </div>
          <span>
            3
          </span>
        </div>
        <div
          className="label-row"
        >
          <div
            className="label"
          >
            A.G. SQFT
          </div>
          <span>
            2205
          </span>
        </div>
        <div
          className="label-row"
        >
          <div
            className="label"
          >
            Total SQFT
          </div>
          <span>
            2043
          </span>
        </div>
        <div
          className="label-row"
        >
          <div
            className="label"
          >
            AVE SQFT
          </div>
          <span>
            2168
          </span>
        </div>
        <div
          className="label-row"
        >
          <div
            className="label"
          >
            Year Built
          </div>
          <span>
            2006
          </span>
        </div>
        <div
          className="label-row"
        >
          <div
            className="label"
          >
            Basement
          </div>
          <span>
            Full
          </span>
        </div>
        <div
          className="label-row"
        >
          <div
            className="label"
          >
            Pool
          </div>
          <span>
            Community
          </span>
        </div>
        <div
          className="label-row"
        >
          <div
            className="label"
          >
            Waterfront
          </div>
          <span>
            Water Oriented: No
          </span>
        </div>
      </div>
      <div
        className="column"
      >
        <div
          className="label-row"
        >
          <div
            className="label"
          >
            Concessions
          </div>
          <span>
            $16,044
          </span>
        </div>
        <div
          className="label-row"
        >
          <div
            className="label"
          >
            COE Date
          </div>
          <span>
            1/19/2020
          </span>
        </div>
        <div
          className="label-row"
        >
          <div
            className="label"
          >
            List Date
          </div>
          <span>
            4/22/2020
          </span>
        </div>
        <div
          className="label-row"
        >
          <div
            className="label"
          >
            ACT DOM
          </div>
          <span>
            239
          </span>
        </div>
        <div
          className="label-row"
        >
          <div
            className="label"
          >
            TOT DOM
          </div>
          <span>
            116
          </span>
        </div>
        <div
          className="label-row"
        >
          <div
            className="label"
          >
            List Price
          </div>
          <span>
            $547,804
          </span>
        </div>
        <div
          className="label-row"
        >
          <div
            className="label"
          >
            Listing #
          </div>
          <span
            className="link"
          >
            MDMC695755
          </span>
        </div>
      </div>
    </div>
    <div
      className="listing-export"
    >
      <Checkbox
        checked={false}
        label="Add Listing Sheet to Export"
        onChange={[Function]}
        small={true}
      />
    </div>
  </div>
</div>
`;
