// Jest Snapshot v1, https://goo.gl/fbAQLP

exports[`CompPhoto should match snapshot 1`] = `
<div
  className="comp-photo"
>
  <div
    className="info-row"
  >
    <div
      className="icon-row"
    >
      <img
        alt="property type"
        className="icon"
        src="undefined/images/listed.svg"
      />
      <span
        style={
          Object {
            "fontWeight": "bold",
          }
        }
      >
        #
        --
      </span>
      <span
        style={
          Object {
            "marginLeft": "10px",
          }
        }
      >
        view for --
      </span>
    </div>
    <div
      className="icon-row"
    >
      <span>
        --
         miles
      </span>
      <Checkbox
        checked={false}
        label=""
        leftLabel={true}
        onChange={[Function]}
        small={true}
      />
    </div>
  </div>
  <PhotoPlay
    photos={Array []}
  />
  <div
    className="detail-container"
  >
    <div
      className="address"
    >
      --
    </div>
    <div
      className="label-row"
    >
      <div
        className="label"
      >
        Subdivision:
      </div>
      <span>
        --
      </span>
    </div>
    <div
      className="label-row"
    >
      <div
        className="label"
      >
        School District:
      </div>
      <span>
        --
      </span>
    </div>
    <div
      className="toggle-button-container"
    >
      <span
        className="spacer"
      />
      <div
        className="toggle-button"
      >
        <div
          className="toggle active"
          onClick={[Function]}
        >
          Details
        </div>
        <div
          className="toggle"
          onClick={[Function]}
        >
          Description
        </div>
      </div>
      <span
        className="spacer"
      />
    </div>
    <div
      className="column-container"
    >
      <div
        className="column"
      >
        <div
          className="label-row"
        >
          <div
            className="label"
          >
            Bed
          </div>
          <span>
            --
          </span>
        </div>
        <div
          className="label-row"
        >
          <div
            className="label"
          >
            Bath
          </div>
          <span>
            --
          </span>
        </div>
        <div
          className="label-row"
        >
          <div
            className="label"
          >
            A.G. SQFT
          </div>
          <span>
            --
          </span>
        </div>
        <div
          className="label-row"
        >
          <div
            className="label"
          >
            Total SQFT
          </div>
          <span>
            --
          </span>
        </div>
        <div
          className="label-row"
        >
          <div
            className="label"
          >
            AVE SQFT
          </div>
          <span>
            --
          </span>
        </div>
        <div
          className="label-row"
        >
          <div
            className="label"
          >
            Year Built
          </div>
          <span>
            --
          </span>
        </div>
        <div
          className="label-row"
        >
          <div
            className="label"
          >
            Basement
          </div>
          <span>
            --
          </span>
        </div>
        <div
          className="label-row"
        >
          <div
            className="label"
          >
            Pool
          </div>
          <span>
            --
          </span>
        </div>
        <div
          className="label-row"
        >
          <div
            className="label"
          >
            Waterfront
          </div>
          <span>
            --
          </span>
        </div>
      </div>
      <div
        className="column"
      >
        <div
          className="label-row"
        >
          <div
            className="label"
          >
            Concessions
          </div>
          <span>
            --
          </span>
        </div>
        <div
          className="label-row"
        >
          <div
            className="label"
          >
            COE Date
          </div>
          <span>
            --
          </span>
        </div>
        <div
          className="label-row"
        >
          <div
            className="label"
          >
            List Date
          </div>
          <span>
            --
          </span>
        </div>
        <div
          className="label-row"
        >
          <div
            className="label"
          >
            ACT DOM
          </div>
          <span>
            --
          </span>
        </div>
        <div
          className="label-row"
        >
          <div
            className="label"
          >
            TOT DOM
          </div>
          <span>
            --
          </span>
        </div>
        <div
          className="label-row"
        >
          <div
            className="label"
          >
            List Price
          </div>
          <span>
            --
          </span>
        </div>
        <div
          className="label-row"
        >
          <div
            className="label"
          >
            Listing #
          </div>
          <span
            className="link"
          >
            --
          </span>
        </div>
      </div>
    </div>
    <div
      className="listing-export"
    >
      <Checkbox
        checked={false}
        label="Add Listing Sheet to Export"
        onChange={[Function]}
        small={true}
      />
    </div>
  </div>
</div>
`;
