// Jest Snapshot v1, https://goo.gl/fbAQLP

exports[`CompPhotosModal should match snapshot 1`] = `
<Modal
  closeModal={[Function]}
  id="comp-modal"
  percent={90}
  title=""
>
  <div
    className="comp-photos-modal"
  >
    <div
      className="top-row"
    >
      <button
        className="btn btn-small"
      >
        Submit
      </button>
      <div
        className="check"
      >
        <Checkbox
          checked={true}
          label="Check/Uncheck All"
          leftLabel={true}
          onChange={[Function]}
        />
      </div>
    </div>
    <div
      className="comp-photo-container"
    />
    <button
      className="btn btn-small"
    >
      Submit
    </button>
  </div>
</Modal>
`;
