// Jest Snapshot v1, https://goo.gl/fbAQLP

exports[`HistoricalListingModal should match snapshot 1`] = `
<Modal
  closeModal={[Function]}
  id="historical-listing-modal"
  percent={95}
  title=""
>
  <div
    className="top-row"
  >
    <h2>
      SDF
    </h2>
    <button
      className="btn btn-icon dark"
      onClick={[Function]}
    >
      <span>
        Print
      </span>
      <span
        className="icon-container"
      >
        <img
          alt="print"
          src="undefined/images/print.svg"
        />
      </span>
    </button>
  </div>
  <div
    className="listing-info"
  >
    <div
      className="listing-image"
    >
      <div
        className="image-container"
      >
        <img
          alt="unavilable"
          className="image"
          src="undefined/images/photo-unavailable.svg"
        />
        <div
          className="overlay"
          onClick={[Function]}
        >
          <img
            alt="print"
            src="undefined/images/search.svg"
          />
        </div>
      </div>
      <button
        className="btn btn-small"
        onClick={[Function]}
      >
        View All Photos
      </button>
    </div>
    <div>
      <HistoricalListingTable
        tableData={
          Array [
            Object {
              "address": null,
              "bath": null,
              "bed": null,
              "garage": null,
              "listDate": null,
              "lotSize": null,
              "mlsComments": null,
              "mlsName": null,
              "photos": Array [],
              "saleType": null,
              "sqft": null,
              "year": null,
              "zip": null,
            },
          ]
        }
      />
      <div
        className="info-container"
      >
        <div
          style={
            Object {
              "flex": 0.5,
              "marginRight": "1em",
            }
          }
        >
          <div
            className="label"
          >
            Address:
          </div>
          <div />
          <div />
          <div
            className="label space"
          >
            Listing Date:
          </div>
          <div />
          <div
            className="label space"
          >
            MLS Name:
          </div>
          <div />
        </div>
        <div
          style={
            Object {
              "flex": 1,
            }
          }
        >
          <div
            className="label"
          >
            MLS Comments:
          </div>
          <div />
        </div>
      </div>
    </div>
  </div>
  <div
    className="listing-history"
  >
    <h2>
      Listing History
    </h2>
    <ListingHistoryTable
      setListingHistory={[Function]}
      tableData={Array []}
    />
  </div>
</Modal>
`;
