// Jest Snapshot v1, https://goo.gl/fbAQLP

exports[`ResetPassword should match snapshot 1`] = `
<Modal
  closeModal={[Function]}
  title="Password Help"
  width={500}
>
  <Form
    alert={null}
    id="reset-password"
    onSubmit={[Function]}
  >
    <Input
      error=""
      label="User Name"
      onChange={[Function]}
      required={true}
      value=""
    />
    <Input
      error=""
      label="Email on file"
      onChange={[Function]}
      required={true}
      value=""
    />
    <button
      className="btn btn-primary"
      type="submit"
    >
      Reset Password
    </button>
    <p
      className="info"
    >
      For security purposes you are required to reset your password every 120 days. If you do not receive an email with instructions on how to reset your password, please send an email to
       
      <a
        href="mailto:vow@redbellre.com"
      >
        vow@redbellre.com
      </a>
    </p>
  </Form>
</Modal>
`;
