// Jest Snapshot v1, https://goo.gl/fbAQLP

exports[`Table should match snapshot after clicking image 1`] = `
<div
  className="table-container"
  style={
    Object {
      "width": undefined,
    }
  }
>
  <div
    className="table"
    role="table"
    style={
      Object {
        "minWidth": "0px",
      }
    }
  >
    <div
      className="thead"
    />
    <div
      className="tbody"
    />
  </div>
</div>
`;
